Trace line 2: while True: ...
Trace line 3: Expression statement produced 17
Trace line 2: while True: ...
Trace line 3: Expression statement produced 17
Trace line 2: while True: ...
Trace line 3: Expression statement produced 17
Trace line 2: while True: ...
Trace line 3: Expression statement produced 17
Trace line 2: while True: ...
Trace line 3: Expression statement produced 17
Trace line 2: while True: ...
Trace line 3: Expression statement produced 17
Trace line 2: while True: ...
Trace line 3: Expression statement produced 17
Trace line 2: while True: ...
Trace line 3: Expression statement produced 17
Trace line 2: while True: ...
Trace line 3: Expression statement produced 17
Trace line 2: while True: ...
Trace line 3: Expression statement produced 17
Trace line 2: while True: ...
Trace line 3: Expression statement produced 17
Trace line 2: while True: ...
Trace line 3: Expression statement produced 17
Trace line 2: while True: ...
Trace line 3: Expression statement produced 17
Trace line 2: while True: ...
Trace line 3: Expression statement produced 17
Trace line 2: while True: ...
Trace line 3: Expression statement produced 17
Trace line 2: while True: ...
Trace line 3: Expression statement produced 17
Trace line 2: while True: ...
Trace line 3: Expression statement produced 17
Trace line 2: while True: ...
Trace line 3: Expression statement produced 17
Trace line 2: while True: ...
Trace line 3: Expression statement produced 17
Trace line 2: while True: ...
Trace line 3: Expression statement produced 17
Trace line 2: while True: ...
Trace line 3: Expression statement produced 17
Trace line 2: while True: ...
Trace line 3: Expression statement produced 17
Trace line 2: while True: ...
Trace line 3: Expression statement produced 17
Trace line 2: while True: ...
Trace line 3: Expression statement produced 17
Trace line 2: while True: ...
Trace line 3: Expression statement produced 17
Trace line 2: while True: ...
Trace line 3: Expression statement produced 17
Trace line 2: while True: ...
Trace line 3: Expression statement produced 17
Trace line 2: while True: ...
Trace line 3: Expression statement produced 17
Trace line 2: while True: ...
Trace line 3: Expression statement produced 17
Trace line 2: while True: ...
Trace line 3: Expression statement produced 17
Trace line 2: while True: ...
Trace line 3: Expression statement produced 17
Trace line 2: while True: ...
Trace line 3: Expression statement produced 17
Trace line 2: while True: ...
Trace line 3: Expression statement produced 17
Trace line 2: while True: ...
Trace line 3: Expression statement produced 17
Trace line 2: while True: ...
Trace line 3: Expression statement produced 17
Trace line 2: while True: ...
Trace line 3: Expression statement produced 17
Trace line 2: while True: ...
Trace line 3: Expression statement produced 17
Trace line 2: while True: ...
Trace line 3: Expression statement produced 17
Trace line 2: while True: ...
Trace line 3: Expression statement produced 17
Trace line 2: while True: ...
Trace line 3: Expression statement produced 17
Trace line 2: while True: ...
Trace line 3: Expression statement produced 17
Trace line 2: while True: ...
Trace line 3: Expression statement produced 17
Trace line 2: while True: ...
Trace line 3: Expression statement produced 17
Trace line 2: while True: ...
Trace line 3: Expression statement produced 17
Trace line 2: while True: ...
Trace line 3: Expression statement produced 17
Trace line 2: while True: ...
Trace line 3: Expression statement produced 17
Trace line 2: while True: ...
Trace line 3: Expression statement produced 17
Trace line 2: while True: ...
Trace line 3: Expression statement produced 17
Trace line 2: while True: ...
Trace line 3: Expression statement produced 17
Trace line 2: while True: ...
Trace line 3: Expression statement produced 17
Trace line 2: while True: ...
Trace line 3: Expression statement produced 17
Trace line 2: while True: ...
Trace line 3: Expression statement produced 17
Trace line 2: while True: ...
Trace line 3: Expression statement produced 17
Trace line 2: while True: ...
Trace line 3: Expression statement produced 17
Trace line 2: while True: ...
Trace line 3: Expression statement produced 17
Trace line 2: while True: ...
Trace line 3: Expression statement produced 17
Trace line 2: while True: ...
Trace line 3: Expression statement produced 17
Trace line 2: while True: ...
Trace line 3: Expression statement produced 17
Trace line 2: while True: ...
Trace line 3: Expression statement produced 17
Trace line 2: while True: ...
Trace line 3: Expression statement produced 17
Trace line 2: while True: ...
Trace line 3: Expression statement produced 17
Trace line 2: while True: ...
Trace line 3: Expression statement produced 17
Trace line 2: while True: ...
Trace line 3: Expression statement produced 17
Trace line 2: while True: ...
Trace line 3: Expression statement produced 17
Trace line 2: while True: ...
Trace line 3: Expression statement produced 17
Trace line 2: while True: ...
Trace line 3: Expression statement produced 17
Trace line 2: while True: ...
Trace line 3: Expression statement produced 17
Trace line 2: while True: ...
Trace line 3: Expression statement produced 17
Trace line 2: while True: ...
Trace line 3: Expression statement produced 17
Trace line 2: while True: ...
Trace line 3: Expression statement produced 17
Trace line 2: while True: ...
Trace line 3: Expression statement produced 17
Trace line 2: while True: ...
Trace line 3: Expression statement produced 17
Trace line 2: while True: ...
Trace line 3: Expression statement produced 17
Trace line 2: while True: ...
Trace line 3: Expression statement produced 17
Trace line 2: while True: ...
Trace line 3: Expression statement produced 17
Trace line 2: while True: ...
Trace line 3: Expression statement produced 17
Trace line 2: while True: ...
Trace line 3: Expression statement produced 17
Trace line 2: while True: ...
Trace line 3: Expression statement produced 17
Trace line 2: while True: ...
Trace line 3: Expression statement produced 17
Trace line 2: while True: ...
Trace line 3: Expression statement produced 17
Trace line 2: while True: ...
Trace line 3: Expression statement produced 17
Trace line 2: while True: ...
Trace line 3: Expression statement produced 17
Trace line 2: while True: ...
Trace line 3: Expression statement produced 17
Trace line 2: while True: ...
Trace line 3: Expression statement produced 17
Trace line 2: while True: ...
Trace line 3: Expression statement produced 17
Trace line 2: while True: ...
Trace line 3: Expression statement produced 17
Trace line 2: while True: ...
Trace line 3: Expression statement produced 17
Trace line 2: while True: ...
Trace line 3: Expression statement produced 17
Trace line 2: while True: ...
Trace line 3: Expression statement produced 17
Trace line 2: while True: ...
Trace line 3: Expression statement produced 17
Trace line 2: while True: ...
Trace line 3: Expression statement produced 17
Trace line 2: while True: ...
Trace line 3: Expression statement produced 17
Trace line 2: while True: ...
Trace line 3: Expression statement produced 17
Trace line 2: while True: ...
Trace line 3: Expression statement produced 17
Trace line 2: while True: ...
Trace line 3: Expression statement produced 17
Trace line 2: while True: ...
Trace line 3: Expression statement produced 17
Trace line 2: while True: ...
Trace line 3: Expression statement produced 17
Trace line 2: while True: ...
Trace line 3: Expression statement produced 17
Trace line 2: while True: ...
Trace line 3: Expression statement produced 17
Trace line 2: while True: ...
Trace line 3: Expression statement produced 17
Trace line 2: while True: ...
Trace line 3: Expression statement produced 17
Trace line 2: while True: ...
Trace line 3: Expression statement produced 17
Trace line 2: while True: ...
Trace line 3: Expression statement produced 17
Trace line 2: while True: ...
Trace line 3: Expression statement produced 17
Trace line 2: while True: ...
Trace line 3: Expression statement produced 17
Trace line 2: while True: ...
Trace line 3: Expression statement produced 17
Trace line 2: while True: ...
Trace line 3: Expression statement produced 17
Trace line 2: while True: ...
Trace line 3: Expression statement produced 17
Trace line 2: while True: ...
Trace line 3: Expression statement produced 17
Trace line 2: while True: ...
Trace line 3: Expression statement produced 17
Trace line 2: while True: ...
Trace line 3: Expression statement produced 17
Trace line 2: while True: ...
Trace line 3: Expression statement produced 17
Trace line 2: while True: ...
Trace line 3: Expression statement produced 17
Trace line 2: while True: ...
Trace line 3: Expression statement produced 17
Trace line 2: while True: ...
Trace line 3: Expression statement produced 17
Trace line 2: while True: ...
Trace line 3: Expression statement produced 17
Trace line 2: while True: ...
Trace line 3: Expression statement produced 17
Trace line 2: while True: ...
Trace line 3: Expression statement produced 17
Trace line 2: while True: ...
Trace line 3: Expression statement produced 17
Trace line 2: while True: ...
Trace line 3: Expression statement produced 17
Trace line 2: while True: ...
Trace line 3: Expression statement produced 17
Trace line 2: while True: ...
Trace line 3: Expression statement produced 17
Trace line 2: while True: ...
Trace line 3: Expression statement produced 17
Trace line 2: while True: ...
Trace line 3: Expression statement produced 17
Trace line 2: while True: ...
Trace line 3: Expression statement produced 17
Trace line 2: while True: ...
Trace line 3: Expression statement produced 17
Trace line 2: while True: ...
Trace line 3: Expression statement produced 17
Trace line 2: while True: ...
Trace line 3: Expression statement produced 17
Trace line 2: while True: ...
Trace line 3: Expression statement produced 17
Trace line 2: while True: ...
Trace line 3: Expression statement produced 17
Trace line 2: while True: ...
Trace line 3: Expression statement produced 17
Trace line 2: while True: ...
Trace line 3: Expression statement produced 17
Trace line 2: while True: ...
Trace line 3: Expression statement produced 17
Trace line 2: while True: ...
Trace line 3: Expression statement produced 17
Trace line 2: while True: ...
Trace line 3: Expression statement produced 17
Trace line 2: while True: ...
Trace line 3: Expression statement produced 17
Trace line 2: while True: ...
Trace line 3: Expression statement produced 17
Trace line 2: while True: ...
Trace line 3: Expression statement produced 17
Trace line 2: while True: ...
Trace line 3: Expression statement produced 17
Trace line 2: while True: ...
Trace line 3: Expression statement produced 17
Trace line 2: while True: ...
Trace line 3: Expression statement produced 17
Trace line 2: while True: ...
Trace line 3: Expression statement produced 17
Trace line 2: while True: ...
Trace line 3: Expression statement produced 17
Trace line 2: while True: ...
Trace line 3: Expression statement produced 17
Trace line 2: while True: ...
Trace line 3: Expression statement produced 17
Trace line 2: while True: ...
Trace line 3: Expression statement produced 17
Trace line 2: while True: ...
Trace line 3: Expression statement produced 17
Trace line 2: while True: ...
Trace line 3: Expression statement produced 17
Trace line 2: while True: ...
Trace line 3: Expression statement produced 17
Trace line 2: while True: ...
Trace line 3: Expression statement produced 17
Trace line 2: while True: ...
Trace line 3: Expression statement produced 17
Trace line 2: while True: ...
Trace line 3: Expression statement produced 17
Trace line 2: while True: ...
Trace line 3: Expression statement produced 17
Trace line 2: while True: ...
Trace line 3: Expression statement produced 17
Trace line 2: while True: ...
Trace line 3: Expression statement produced 17
Trace line 2: while True: ...
Trace line 3: Expression statement produced 17
Trace line 2: while True: ...
Trace line 3: Expression statement produced 17
Trace line 2: while True: ...
Trace line 3: Expression statement produced 17
Trace line 2: while True: ...
Trace line 3: Expression statement produced 17
Trace line 2: while True: ...
Trace line 3: Expression statement produced 17
Trace line 2: while True: ...
Trace line 3: Expression statement produced 17
Trace line 2: while True: ...
Trace line 3: Expression statement produced 17
Trace line 2: while True: ...
Trace line 3: Expression statement produced 17
Trace line 2: while True: ...
Trace line 3: Expression statement produced 17
Trace line 2: while True: ...
Trace line 3: Expression statement produced 17
Trace line 2: while True: ...
Trace line 3: Expression statement produced 17
Trace line 2: while True: ...
Trace line 3: Expression statement produced 17
Trace line 2: while True: ...
Trace line 3: Expression statement produced 17
Trace line 2: while True: ...
Trace line 3: Expression statement produced 17
Trace line 2: while True: ...
Trace line 3: Expression statement produced 17
Trace line 2: while True: ...
Trace line 3: Expression statement produced 17
Trace line 2: while True: ...
Trace line 3: Expression statement produced 17
Trace line 2: while True: ...
Trace line 3: Expression statement produced 17
Trace line 2: while True: ...
Trace line 3: Expression statement produced 17
Trace line 2: while True: ...
Trace line 3: Expression statement produced 17
Trace line 2: while True: ...
Trace line 3: Expression statement produced 17
Trace line 2: while True: ...
Trace line 3: Expression statement produced 17
Trace line 2: while True: ...
Trace line 3: Expression statement produced 17
Trace line 2: while True: ...
Trace line 3: Expression statement produced 17
Trace line 2: while True: ...
Trace line 3: Expression statement produced 17
Trace line 2: while True: ...
Trace line 3: Expression statement produced 17
Trace line 2: while True: ...
Trace line 3: Expression statement produced 17
Trace line 2: while True: ...
Trace line 3: Expression statement produced 17
Trace line 2: while True: ...
Trace line 3: Expression statement produced 17
Trace line 2: while True: ...
Trace line 3: Expression statement produced 17
Trace line 2: while True: ...
Trace line 3: Expression statement produced 17
Trace line 2: while True: ...
Trace line 3: Expression statement produced 17
Trace line 2: while True: ...
Trace line 3: Expression statement produced 17
Trace line 2: while True: ...
Trace line 3: Expression statement produced 17
Trace line 2: while True: ...
Trace line 3: Expression statement produced 17
Trace line 2: while True: ...
Trace line 3: Expression statement produced 17
Trace line 2: while True: ...
Trace line 3: Expression statement produced 17
Trace line 2: while True: ...
Trace line 3: Expression statement produced 17
Trace line 2: while True: ...
Trace line 3: Expression statement produced 17
Trace line 2: while True: ...
Trace line 3: Expression statement produced 17
Trace line 2: while True: ...
Trace line 3: Expression statement produced 17
Trace line 2: while True: ...
Trace line 3: Expression statement produced 17
Trace line 2: while True: ...
Trace line 3: Expression statement produced 17
Trace line 2: while True: ...
Trace line 3: Expression statement produced 17
Trace line 2: while True: ...
Trace line 3: Expression statement produced 17
Trace line 2: while True: ...
Trace line 3: Expression statement produced 17
Trace line 2: while True: ...
Trace line 3: Expression statement produced 17
Trace line 2: while True: ...
Trace line 3: Expression statement produced 17
Trace line 2: while True: ...
Trace line 3: Expression statement produced 17
Trace line 2: while True: ...
Trace line 3: Expression statement produced 17
Trace line 2: while True: ...
Trace line 3: Expression statement produced 17
Trace line 2: while True: ...
Trace line 3: Expression statement produced 17
Trace line 2: while True: ...
Trace line 3: Expression statement produced 17
Trace line 2: while True: ...
Trace line 3: Expression statement produced 17
Trace line 2: while True: ...
Trace line 3: Expression statement produced 17
Trace line 2: while True: ...
Trace line 3: Expression statement produced 17
Trace line 2: while True: ...
Trace line 3: Expression statement produced 17
Trace line 2: while True: ...
Trace line 3: Expression statement produced 17
Trace line 2: while True: ...
Trace line 3: Expression statement produced 17
Trace line 2: while True: ...
Trace line 3: Expression statement produced 17
Trace line 2: while True: ...
Trace line 3: Expression statement produced 17
Trace line 2: while True: ...
Trace line 3: Expression statement produced 17
Trace line 2: while True: ...
Trace line 3: Expression statement produced 17
Trace line 2: while True: ...
Trace line 3: Expression statement produced 17
Trace line 2: while True: ...
Trace line 3: Expression statement produced 17
Trace line 2: while True: ...
Trace line 3: Expression statement produced 17
Trace line 2: while True: ...
Trace line 3: Expression statement produced 17
Trace line 2: while True: ...
Trace line 3: Expression statement produced 17
Trace line 2: while True: ...
Trace line 3: Expression statement produced 17
Trace line 2: while True: ...
Trace line 3: Expression statement produced 17
Trace line 2: while True: ...
Trace line 3: Expression statement produced 17
Trace line 2: while True: ...
Trace line 3: Expression statement produced 17
Trace line 2: while True: ...
Trace line 3: Expression statement produced 17
Trace line 2: while True: ...
Trace line 3: Expression statement produced 17
Trace line 2: while True: ...
Trace line 3: Expression statement produced 17
Trace line 2: while True: ...
Trace line 3: Expression statement produced 17
Trace line 2: while True: ...
Trace line 3: Expression statement produced 17
Trace line 2: while True: ...
Trace line 3: Expression statement produced 17
Trace line 2: while True: ...
Trace line 3: Expression statement produced 17
Trace line 2: while True: ...
Trace line 3: Expression statement produced 17
Trace line 2: while True: ...
Trace line 3: Expression statement produced 17
Trace line 2: while True: ...
Trace line 3: Expression statement produced 17
Trace line 2: while True: ...
Trace line 3: Expression statement produced 17
Trace line 2: while True: ...
Trace line 3: Expression statement produced 17
Trace line 2: while True: ...
Trace line 3: Expression statement produced 17
Trace line 2: while True: ...
Trace line 3: Expression statement produced 17
Trace line 2: while True: ...
Trace line 3: Expression statement produced 17
Trace line 2: while True: ...
Trace line 3: Expression statement produced 17
Trace line 2: while True: ...
Trace line 3: Expression statement produced 17
Trace line 2: while True: ...
Trace line 3: Expression statement produced 17
Trace line 2: while True: ...
Trace line 3: Expression statement produced 17
Trace line 2: while True: ...
Trace line 3: Expression statement produced 17
Trace line 2: while True: ...
Trace line 3: Expression statement produced 17
Trace line 2: while True: ...
Trace line 3: Expression statement produced 17
Trace line 2: while True: ...
Trace line 3: Expression statement produced 17
Trace line 2: while True: ...
Trace line 3: Expression statement produced 17
Trace line 2: while True: ...
Trace line 3: Expression statement produced 17
Trace line 2: while True: ...
Trace line 3: Expression statement produced 17
Trace line 2: while True: ...
Trace line 3: Expression statement produced 17
Trace line 2: while True: ...
Trace line 3: Expression statement produced 17
Trace line 2: while True: ...
Trace line 3: Expression statement produced 17
Trace line 2: while True: ...
Trace line 3: Expression statement produced 17
Trace line 2: while True: ...
Trace line 3: Expression statement produced 17
Trace line 2: while True: ...
Trace line 3: Expression statement produced 17
Trace line 2: while True: ...
Trace line 3: Expression statement produced 17
Trace line 2: while True: ...
Trace line 3: Expression statement produced 17
Trace line 2: while True: ...
Trace line 3: Expression statement produced 17
Trace line 2: while True: ...
Trace line 3: Expression statement produced 17
Trace line 2: while True: ...
Trace line 3: Expression statement produced 17
Trace line 2: while True: ...
Trace line 3: Expression statement produced 17
Trace line 2: while True: ...
Trace line 3: Expression statement produced 17
Trace line 2: while True: ...
Trace line 3: Expression statement produced 17
Trace line 2: while True: ...
Trace line 3: Expression statement produced 17
Trace line 2: while True: ...
Trace line 3: Expression statement produced 17
Trace line 2: while True: ...
Trace line 3: Expression statement produced 17
Trace line 2: while True: ...
Trace line 3: Expression statement produced 17
Trace line 2: while True: ...
Trace line 3: Expression statement produced 17
Trace line 2: while True: ...
Trace line 3: Expression statement produced 17
Trace line 2: while True: ...
Trace line 3: Expression statement produced 17
Trace line 2: while True: ...
Trace line 3: Expression statement produced 17
Trace line 2: while True: ...
Trace line 3: Expression statement produced 17
Trace line 2: while True: ...
Trace line 3: Expression statement produced 17
Trace line 2: while True: ...
Trace line 3: Expression statement produced 17
Trace line 2: while True: ...
Trace line 3: Expression statement produced 17
Trace line 2: while True: ...
Trace line 3: Expression statement produced 17
Trace line 2: while True: ...
Trace line 3: Expression statement produced 17
Trace line 2: while True: ...
Trace line 3: Expression statement produced 17
Trace line 2: while True: ...
Trace line 3: Expression statement produced 17
Trace line 2: while True: ...
Trace line 3: Expression statement produced 17
Trace line 2: while True: ...
Trace line 3: Expression statement produced 17
Trace line 2: while True: ...
Trace line 3: Expression statement produced 17
Trace line 2: while True: ...
Trace line 3: Expression statement produced 17
Trace line 2: while True: ...
Trace line 3: Expression statement produced 17
Trace line 2: while True: ...
Trace line 3: Expression statement produced 17
Trace line 2: while True: ...
Trace line 3: Expression statement produced 17
Trace line 2: while True: ...
Trace line 3: Expression statement produced 17
Trace line 2: while True: ...
Trace line 3: Expression statement produced 17
Trace line 2: while True: ...
Trace line 3: Expression statement produced 17
Trace line 2: while True: ...
Trace line 3: Expression statement produced 17
Trace line 2: while True: ...
Trace line 3: Expression statement produced 17
Trace line 2: while True: ...
Trace line 3: Expression statement produced 17
Trace line 2: while True: ...
Trace line 3: Expression statement produced 17
Trace line 2: while True: ...
Trace line 3: Expression statement produced 17
Trace line 2: while True: ...
Trace line 3: Expression statement produced 17
Trace line 2: while True: ...
Trace line 3: Expression statement produced 17
Trace line 2: while True: ...
Trace line 3: Expression statement produced 17
Trace line 2: while True: ...
Trace line 3: Expression statement produced 17
Trace line 2: while True: ...
Trace line 3: Expression statement produced 17
Trace line 2: while True: ...
Trace line 3: Expression statement produced 17
Trace line 2: while True: ...
Trace line 3: Expression statement produced 17
Trace line 2: while True: ...
Trace line 3: Expression statement produced 17
Trace line 2: while True: ...
Trace line 3: Expression statement produced 17
Trace line 2: while True: ...
Trace line 3: Expression statement produced 17
Trace line 2: while True: ...
